Starting PostgreSQL setup...
ls: cannot access '/usr/lib/postgresql/': No such file or directory
Found PostgreSQL version: 
Initializing PostgreSQL...
sudo: unknown user postgres
sudo: error initializing audit plugin sudoers_audit
Starting PostgreSQL server...
Waiting for PostgreSQL to start...
sudo: unknown user postgres
sudo: error initializing audit plugin sudoers_audit
Waiting... (1/15)
Waiting... (2/15)
Waiting... (3/15)
Waiting... (4/15)
Waiting... (5/15)
Waiting... (6/15)
Waiting... (7/15)
Waiting... (8/15)
Waiting... (9/15)
Waiting... (10/15)
Waiting... (11/15)
Waiting... (12/15)
Waiting... (13/15)
